// Jest Snapshot v1, https://goo.gl/fbAQLP

exports[`Header should match snapshot 1`] = `
<nav>
  <Link
    replace={false}
    to="/"
  >
    Home
  </Link>
  <Link
    replace={false}
    to="/category/:id"
  >
    Categories
  </Link>
  <Link
    replace={false}
    to="/post/:id"
  >
    Posts
  </Link>
</nav>
`;
