// Jest Snapshot v1, https://goo.gl/fbAQLP

exports[`App component should match snapshot 1`] = `
<BrowserRouter>
  <React.Fragment>
    <Header />
    <div>
      <Route
        component={[Function]}
        exact={true}
        path="/"
      />
      <Route
        component={[Function]}
        path="/category/:id"
      />
      <Route
        component={[Function]}
        path="/post/:id"
      />
    </div>
  </React.Fragment>
</BrowserRouter>
`;
